[backblue.gif]
[fade.gif]
[index.html]
[uxliner.com/ovio/demo]
[uxliner.com/ovio/demo/index.html]
[uxliner.com/ovio/demo/plugins/charts/code/highcharts.js]
[uxliner.com/ovio/demo/index-2.html]
[uxliner.com/ovio/demo/dist/img/logo-lg.png]
[uxliner.com/ovio/demo/dist/img/img1.jpg]
[uxliner.com/ovio/demo/dist/img/img2.jpg]
[uxliner.com/ovio/demo/dist/img/img3.jpg]
[uxliner.com/ovio/demo/dashboard-2.html]
[uxliner.com/ovio/demo/dashboard-3.html]
[uxliner.com/ovio/demo/index-light.html]
[uxliner.com/ovio/demo/index-dark.html]
[uxliner.com/ovio/demo/index-collapsed-sidebar.html]
[uxliner.com/ovio/demo/index-boxed.html]
[uxliner.com/ovio/demo/index-top-nav.html]
[uxliner.com/ovio/demo/index-rtl.html]
[uxliner.com/ovio/demo/app/project-summary.html]
[uxliner.com/ovio/demo/app/invoice.html]
[uxliner.com/ovio/demo/app/calendar.html]
[uxliner.com/ovio/demo/app/gallery.html]
[uxliner.com/ovio/demo/app/timeline.html]
[uxliner.com/ovio/demo/app/contacts.html]
[uxliner.com/ovio/demo/widgets.html]
[uxliner.com/ovio/demo/component/alerts.html]
[uxliner.com/ovio/demo/component/buttons.html]
[uxliner.com/ovio/demo/component/carousel.html]
[uxliner.com/ovio/demo/component/collapse.html]
[uxliner.com/ovio/demo/component/listgroup.html]
[uxliner.com/ovio/demo/component/pagination.html]
[uxliner.com/ovio/demo/component/tabs.html]
[uxliner.com/ovio/demo/component/tooltips.html]
[uxliner.com/ovio/demo/component/popovers.html]
[uxliner.com/ovio/demo/component/progress.html]
[uxliner.com/ovio/demo/component/mediaobjects.html]
[uxliner.com/ovio/demo/forms/general-elements.html]
[uxliner.com/ovio/demo/forms/layouts.html]
[uxliner.com/ovio/demo/forms/validation.html]
[uxliner.com/ovio/demo/forms/wizard.html]
[uxliner.com/ovio/demo/tables/basic.html]
[uxliner.com/ovio/demo/tables/data.html]
[uxliner.com/ovio/demo/charts/line.html]
[uxliner.com/ovio/demo/charts/area.html]
[uxliner.com/ovio/demo/charts/bar.html]
[uxliner.com/ovio/demo/charts/pie.html]
[uxliner.com/ovio/demo/charts/bubble.html]
[uxliner.com/ovio/demo/charts/combinations.html]
[uxliner.com/ovio/demo/charts/3d.html]
[uxliner.com/ovio/demo/maps/google-maps.html]
[uxliner.com/ovio/demo/maps/vector-map.html]
[uxliner.com/ovio/demo/pages/login.html]
[uxliner.com/ovio/demo/pages/register.html]
[uxliner.com/ovio/demo/pages/forgot-password.html]
[uxliner.com/ovio/demo/pages/coming-soon.html]
[uxliner.com/ovio/demo/dist/img/img4.jpg]
[uxliner.com/ovio/demo/dist/img/img5.jpg]
[uxliner.com/ovio/demo/dist/img/img6.jpg]
[uxliner.com/ovio/demo/dist/img/img7.jpg]
[uxliner.com/ovio/demo/dist/img/img8.jpg]
[uxliner.com/ovio/demo/dist/js/jquery.min.js]
[uxliner.com/ovio/demo/bootstrap/js/bootstrap.min.js]
[uxliner.com/ovio/demo/plugins/charts/chart-functions.js]
[uxliner.com/ovio/demo/index.html]
[uxliner.com/ovio/demo/bootstrap/fonts/glyphicons-halflings-regular.eot]
[uxliner.com/ovio/demo/bootstrap/fonts/glyphicons-halflings-regulard41d.eot]
[uxliner.com/ovio/demo/bootstrap/fonts/glyphicons-halflings-regular.woff]
[uxliner.com/ovio/demo/bootstrap/css/bootstrap.min.css]
[uxliner.com/ovio/demo/dist/css/style.css]
[uxliner.com/ovio/demo/dist/font-awesome/fonts/fontawesome-webfont78ce.eot]
[uxliner.com/ovio/demo/dist/font-awesome/fonts/fontawesome-webfontd41d.eot]
[uxliner.com/ovio/demo/dist/font-awesome/fonts/fontawesome-webfont78ce.woff]
[uxliner.com/ovio/demo/dist/font-awesome/css/font-awesome.min.css]
[uxliner.com/ovio/demo/dist/weather/font/weathericons-regular-webfont.eot]
[uxliner.com/ovio/demo/dist/weather/font/weathericons-regular-webfontd41d.eot]
[uxliner.com/ovio/demo/dist/weather/font/weathericons-regular-webfont.woff]
[uxliner.com/ovio/demo/dist/weather/weather-icons.min.css]
[uxliner.com/ovio/demo/dist/weather/weather-icons-wind.min.css]
[uxliner.com/ovio/demo/index-2.html]
[uxliner.com/ovio/demo/dashboard-2.html]
[uxliner.com/ovio/demo/dashboard-3.html]
[uxliner.com/ovio/demo/index-light.html]
[uxliner.com/ovio/demo/index-dark.html]
[uxliner.com/ovio/demo/index-collapsed-sidebar.html]
[uxliner.com/ovio/demo/index-boxed.html]
[uxliner.com/ovio/demo/index-top-nav.html]
[uxliner.com/ovio/demo/dist/img/logo.png]
[uxliner.com/ovio/demo/index-rtl.html]
[uxliner.com/ovio/demo/app/project-summary.html]
[uxliner.com/ovio/demo/app/invoice.html]
[uxliner.com/ovio/demo/plugins/calendar/moment.min.js]
[uxliner.com/ovio/demo/plugins/calendar/fullcalendar.min.js]
[uxliner.com/ovio/demo/app/calendar.html]
[uxliner.com/ovio/demo/dist/img/media/thumb/thumb6.jpg]
[uxliner.com/ovio/demo/dist/img/media/portfolio-2.jpg]
[uxliner.com/ovio/demo/dist/img/media/thumb/thumb2.jpg]
[uxliner.com/ovio/demo/dist/img/media/portfolio-3.jpg]
[uxliner.com/ovio/demo/dist/img/media/thumb/thumb3.jpg]
[uxliner.com/ovio/demo/dist/img/media/portfolio-4.jpg]
[uxliner.com/ovio/demo/dist/img/media/thumb/thumb4.jpg]
[uxliner.com/ovio/demo/dist/img/media/portfolio-5.jpg]
[uxliner.com/ovio/demo/dist/img/media/thumb/thumb5.jpg]
[uxliner.com/ovio/demo/dist/img/media/portfolio-1.jpg]
[uxliner.com/ovio/demo/dist/img/media/thumb/thumb1.jpg]
[uxliner.com/ovio/demo/dist/img/media/portfolio-7.jpg]
[uxliner.com/ovio/demo/dist/img/media/thumb/thumb7.jpg]
[uxliner.com/ovio/demo/dist/img/media/portfolio-8.jpg]
[uxliner.com/ovio/demo/dist/img/media/portfolio-9.jpg]
[uxliner.com/ovio/demo/dist/img/media/portfolio-10.jpg]
[uxliner.com/ovio/demo/dist/img/media/thumb/thumb10.jpg]
[uxliner.com/ovio/demo/dist/img/media/portfolio-11.jpg]
[uxliner.com/ovio/demo/dist/img/media/portfolio-12.jpg]
[uxliner.com/ovio/demo/plugins/cubeportfolio/jquery-latest.min.js]
[uxliner.com/ovio/demo/plugins/cubeportfolio/jquery.cubeportfolio.min.js]
[uxliner.com/ovio/demo/plugins/cubeportfolio/main.js]
[uxliner.com/ovio/demo/app/gallery.html]
[uxliner.com/ovio/demo/dist/img/img9.jpg]
[uxliner.com/ovio/demo/dist/img/img11.jpg]
[uxliner.com/ovio/demo/dist/img/img12.jpg]
[uxliner.com/ovio/demo/app/timeline.html]
[uxliner.com/ovio/demo/app/contacts.html]
[uxliner.com/ovio/demo/widgets.html]
[uxliner.com/ovio/demo/component/alerts.html]
[uxliner.com/ovio/demo/component/buttons.html]
[uxliner.com/ovio/demo/dist/img/img13.jpg]
[uxliner.com/ovio/demo/dist/img/img14.jpg]
[uxliner.com/ovio/demo/component/carousel.html]
[uxliner.com/ovio/demo/component/collapse.html]
[uxliner.com/ovio/demo/component/listgroup.html]
[uxliner.com/ovio/demo/component/pagination.html]
[uxliner.com/ovio/demo/component/tabs.html]
[uxliner.com/ovio/demo/component/tooltips.html]
[uxliner.com/ovio/demo/component/popovers.html]
[uxliner.com/ovio/demo/component/progress.html]
[uxliner.com/ovio/demo/dist/img/img17.jpg]
[uxliner.com/ovio/demo/dist/img/img18.jpg]
[uxliner.com/ovio/demo/component/mediaobjects.html]
[uxliner.com/ovio/demo/forms/general-elements.html]
[uxliner.com/ovio/demo/forms/layouts.html]
[uxliner.com/ovio/demo/forms/validation.html]
[uxliner.com/ovio/demo/plugins/stepform/jq.stepform.js]
[uxliner.com/ovio/demo/forms/wizard.html]
[uxliner.com/ovio/demo/tables/basic.html]
[uxliner.com/ovio/demo/tables/data.html]
[uxliner.com/ovio/demo/plugins/charts/line-chart-functions.js]
[uxliner.com/ovio/demo/charts/line.html]
[uxliner.com/ovio/demo/plugins/charts/area-chart-functions.js]
[uxliner.com/ovio/demo/charts/area.html]
[uxliner.com/ovio/demo/plugins/charts/bar-chart-functions.js]
[uxliner.com/ovio/demo/charts/bar.html]
[uxliner.com/ovio/demo/plugins/charts/pie-chart-functions.js]
[uxliner.com/ovio/demo/charts/pie.html]
[uxliner.com/ovio/demo/plugins/charts/code/highcharts-more.js]
[uxliner.com/ovio/demo/plugins/charts/bubble-chart-functions.js]
[uxliner.com/ovio/demo/charts/bubble.html]
[uxliner.com/ovio/demo/plugins/charts/comb-chart-functions.js]
[uxliner.com/ovio/demo/charts/combinations.html]
[uxliner.com/ovio/demo/plugins/charts/code/highcharts-3d.js]
[uxliner.com/ovio/demo/plugins/charts/3d-chart-functions.js]
[uxliner.com/ovio/demo/charts/3d.html]
[uxliner.com/ovio/demo/maps/google-maps.html]
[cdnjs.cloudflare.com/ajax/libs/jquery-mousewheel/3.1.13/jquery.mousewheel.min.js]
[uxliner.com/ovio/demo/plugins/maps/jquery.mapael.js]
[cdnjs.cloudflare.com/ajax/libs/raphael/2.2.7/raphael.min.js]
[uxliner.com/ovio/demo/plugins/maps/world_countries.js]
[uxliner.com/ovio/demo/plugins/maps/world_countries_miller.js]
[uxliner.com/ovio/demo/maps/vector-map.html]
[uxliner.com/ovio/demo/pages/login.html]
[uxliner.com/ovio/demo/pages/register.html]
[uxliner.com/ovio/demo/pages/forgot-password.html]
[uxliner.com/ovio/demo/plugins/countdown/jquery.min.js]
[uxliner.com/ovio/demo/plugins/countdown/jquery.countdown.js]
[uxliner.com/ovio/demo/plugins/countdown/countdown.js]
[uxliner.com/ovio/demo/plugins/countdown/vegas/jquery.vegas.min.js]
[uxliner.com/ovio/demo/plugins/countdown/custom.js]
[uxliner.com/ovio/demo/pages/coming-soon.html]
[uxliner.com/ovio/demo/bootstrap/fonts/glyphicons-halflings-regular.html]
[uxliner.com/ovio/demo/bootstrap/fonts/glyphicons-halflings-regular.svg]
[uxliner.com/ovio/demo/dist/js/ovio.js]
[uxliner.com/ovio/demo/plugins/charts/code/modules/exporting.js]
[uxliner.com/ovio/demo/bootstrap/fonts/glyphicons-halflings-regular.ttf]
[uxliner.com/ovio/demo/dist/img/body-bg.jpg]
[uxliner.com/ovio/demo/dist/et-line-font/fonts/et-line.eot]
[uxliner.com/ovio/demo/dist/et-line-font/fonts/et-line.woff]
[uxliner.com/ovio/demo/dist/et-line-font/fonts/et-lined41d.eot]
[uxliner.com/ovio/demo/dist/et-line-font/fonts/et-line.ttf]
[uxliner.com/ovio/demo/dist/et-line-font/et-line-font.css]
[uxliner.com/ovio/demo/dist/font-awesome/fonts/fontawesome-webfont78ce.ttf]
[uxliner.com/ovio/demo/dist/font-awesome/fonts/fontawesome-webfont78ce.svg]
[uxliner.com/ovio/demo/dist/weather/font/weathericons-regular-webfont.html]
[uxliner.com/ovio/demo/dist/font/weathericons-regular-webfont.html]
[uxliner.com/ovio/demo/dist/font/weathericons-regular-webfontd41d.html]
[uxliner.com/ovio/demo/dist/font/weathericons-regular-webfont-2.html]
[uxliner.com/ovio/demo/dist/font/weathericons-regular-webfont-3.html]
[uxliner.com/ovio/demo/dist/font/weathericons-regular-webfont-4.html]
[uxliner.com/ovio/demo/dist/font/weathericons-regular-webfont-5.html]
[uxliner.com/ovio/demo/app/weather.html]
[uxliner.com/ovio/demo/todo-tasklist.html]
[uxliner.com/ovio/demo/forms/cropper.html]
[uxliner.com/ovio/demo/pages/maintenance.html]
[uxliner.com/ovio/demo/app/et-line-font/fonts/et-line.eot]
[uxliner.com/ovio/demo/app/et-line-font/fonts/et-lined41d.eot]
[uxliner.com/ovio/demo/dist/weather/font/weathericons-regular-webfont.ttf]
[uxliner.com/ovio/demo/app/et-line-font/fonts/et-line.woff]
[uxliner.com/ovio/demo/app/et-line-font/fonts/et-line.ttf]
[uxliner.com/ovio/demo/app/et-line-font/et-line-font.css]
[uxliner.com/ovio/demo/app/font-awesome/fonts/fontawesome-webfont78ce.eot]
[uxliner.com/ovio/demo/app/font-awesome/fonts/fontawesome-webfontd41d.eot]
[uxliner.com/ovio/demo/app/font-awesome/fonts/fontawesome-webfont78ce.woff]
[uxliner.com/ovio/demo/app/font-awesome/fonts/fontawesome-webfont78ce.ttf]
[uxliner.com/ovio/demo/app/font-awesome/css/font-awesome.min.css]
[uxliner.com/ovio/demo/plugins/calendar/fullcalendar.min.css]
[uxliner.com/ovio/demo/plugins/cubeportfolio/img/cbp-sprite.png]
[uxliner.com/ovio/demo/plugins/cubeportfolio/css/cubeportfolio.min.css]
[uxliner.com/ovio/demo/dist/img/media/thumb/thumb8.jpg]
[uxliner.com/ovio/demo/dist/img/media/portfolio-6.jpg]
[uxliner.com/ovio/demo/dist/img/media/thumb/thumb11.jpg]
[uxliner.com/ovio/demo/dist/img/media/thumb/thumb12.jpg]
[uxliner.com/ovio/demo/dist/img/img10.jpg]
[uxliner.com/ovio/demo/component/et-line-font/fonts/et-line.eot]
[uxliner.com/ovio/demo/component/et-line-font/fonts/et-lined41d.eot]
[uxliner.com/ovio/demo/component/et-line-font/fonts/et-line.woff]
[uxliner.com/ovio/demo/component/et-line-font/fonts/et-line.ttf]
[uxliner.com/ovio/demo/component/et-line-font/et-line-font.css]
[uxliner.com/ovio/demo/component/font-awesome/fonts/fontawesome-webfont78ce.eot]
[uxliner.com/ovio/demo/component/font-awesome/fonts/fontawesome-webfontd41d.eot]
[uxliner.com/ovio/demo/component/font-awesome/fonts/fontawesome-webfont78ce.woff]
[uxliner.com/ovio/demo/component/font-awesome/fonts/fontawesome-webfont78ce.ttf]
[uxliner.com/ovio/demo/component/font-awesome/css/font-awesome.min.css]
[uxliner.com/ovio/demo/dist/img/img15.jpg]
[uxliner.com/ovio/demo/dist/img/img16.jpg]
[uxliner.com/ovio/demo/forms/et-line-font/fonts/et-line.eot]
[uxliner.com/ovio/demo/forms/et-line-font/fonts/et-line.woff]
[uxliner.com/ovio/demo/forms/et-line-font/fonts/et-lined41d.eot]
[uxliner.com/ovio/demo/forms/et-line-font/fonts/et-line.ttf]
[uxliner.com/ovio/demo/forms/et-line-font/et-line-font.css]
[uxliner.com/ovio/demo/forms/font-awesome/fonts/fontawesome-webfont78ce.eot]
[uxliner.com/ovio/demo/forms/font-awesome/fonts/fontawesome-webfontd41d.eot]
[uxliner.com/ovio/demo/forms/font-awesome/fonts/fontawesome-webfont78ce.woff]
[uxliner.com/ovio/demo/forms/font-awesome/fonts/fontawesome-webfont78ce.ttf]
[uxliner.com/ovio/demo/forms/font-awesome/css/font-awesome.min.css]
[uxliner.com/ovio/demo/tables/et-line-font/fonts/et-lined41d.eot]
[uxliner.com/ovio/demo/tables/et-line-font/fonts/et-line.woff]
[uxliner.com/ovio/demo/tables/et-line-font/fonts/et-line.ttf]
[uxliner.com/ovio/demo/tables/et-line-font/et-line-font.css]
[uxliner.com/ovio/demo/tables/font-awesome/fonts/fontawesome-webfont78ce.woff]
[uxliner.com/ovio/demo/tables/font-awesome/fonts/fontawesome-webfont78ce.ttf]
[uxliner.com/ovio/demo/tables/font-awesome/css/font-awesome.min.css]
[uxliner.com/ovio/demo/plugins/tables/jquery.tablesort.js]
[uxliner.com/ovio/demo/charts/et-line-font/fonts/et-lined41d.eot]
[uxliner.com/ovio/demo/charts/et-line-font/fonts/et-line.woff]
[uxliner.com/ovio/demo/charts/et-line-font/fonts/et-line.ttf]
[uxliner.com/ovio/demo/charts/et-line-font/et-line-font.css]
[uxliner.com/ovio/demo/charts/font-awesome/fonts/fontawesome-webfont78ce.eot]
[uxliner.com/ovio/demo/charts/font-awesome/fonts/fontawesome-webfontd41d.eot]
[uxliner.com/ovio/demo/charts/font-awesome/fonts/fontawesome-webfont78ce.woff]
[uxliner.com/ovio/demo/charts/font-awesome/fonts/fontawesome-webfont78ce.ttf]
[uxliner.com/ovio/demo/charts/font-awesome/css/font-awesome.min.css]
[uxliner.com/ovio/demo/maps/et-line-font/fonts/et-lined41d.eot]
[uxliner.com/ovio/demo/maps/et-line-font/fonts/et-line.woff]
[uxliner.com/ovio/demo/maps/et-line-font/fonts/et-line.ttf]
[uxliner.com/ovio/demo/maps/et-line-font/et-line-font.css]
[uxliner.com/ovio/demo/maps/font-awesome/fonts/fontawesome-webfont78ce.eot]
[uxliner.com/ovio/demo/maps/font-awesome/fonts/fontawesome-webfontd41d.eot]
[uxliner.com/ovio/demo/maps/font-awesome/fonts/fontawesome-webfont78ce.woff]
[uxliner.com/ovio/demo/maps/font-awesome/fonts/fontawesome-webfont78ce.ttf]
[uxliner.com/ovio/demo/maps/font-awesome/css/font-awesome.min.css]
[uxliner.com/ovio/demo/plugins/maps/world_countries_mercator.js]
[uxliner.com/ovio/demo/pages/et-line-font/fonts/et-line.eot]
[uxliner.com/ovio/demo/pages/et-line-font/fonts/et-lined41d.eot]
[uxliner.com/ovio/demo/pages/et-line-font/fonts/et-line.woff]
[uxliner.com/ovio/demo/pages/et-line-font/fonts/et-line.ttf]
[uxliner.com/ovio/demo/pages/et-line-font/et-line-font.css]
[uxliner.com/ovio/demo/plugins/countdown/vegas/images/loading.html]
[uxliner.com/ovio/demo/plugins/countdown/vegas/jquery.vegas.min.css]
[uxliner.com/ovio/demo/plugins/countdown/css/style.css]
[uxliner.com/ovio/demo/dist/font-awesome/fonts/fontawesome-webfont78ce.ttf]
[uxliner.com/ovio/demo/app/et-line-font/fonts/et-line.svg]
[uxliner.com/ovio/demo/app/font-awesome/fonts/fontawesome-webfont78ce.svg]
[uxliner.com/ovio/demo/dist/img/media/thumb/thumb9.jpg]
[uxliner.com/ovio/demo/component/font-awesome/fonts/fontawesome-webfont78ce.svg]
[uxliner.com/ovio/demo/forms/et-line-font/fonts/et-line.svg]
[uxliner.com/ovio/demo/tables/et-line-font/fonts/et-line.svg]
[uxliner.com/ovio/demo/tables/et-line-font/fonts/et-line.eot]
[uxliner.com/ovio/demo/tables/font-awesome/fonts/fontawesome-webfontd41d.eot]
[uxliner.com/ovio/demo/tables/font-awesome/fonts/fontawesome-webfont78ce.svg]
[uxliner.com/ovio/demo/charts/et-line-font/fonts/et-line.eot]
[uxliner.com/ovio/demo/tables/font-awesome/fonts/fontawesome-webfont78ce.eot]
[uxliner.com/ovio/demo/charts/et-line-font/fonts/et-line.svg]
[uxliner.com/ovio/demo/plugins/charts/code/highcharts-3d.js]
[uxliner.com/ovio/demo/maps/et-line-font/fonts/et-line.svg]
[uxliner.com/ovio/demo/pages/et-line-font/fonts/et-line.svg]
[uxliner.com/ovio/demo/pages/font-awesome/fonts/fontawesome-webfont78ce.eot]
[uxliner.com/ovio/demo/pages/font-awesome/fonts/fontawesome-webfontd41d.eot]
[uxliner.com/ovio/demo/pages/font-awesome/fonts/fontawesome-webfont78ce.woff]
[uxliner.com/ovio/demo/pages/font-awesome/css/font-awesome.min.css]
[suspended.hostgator.com/js/simple-expand.min.js]
[suspended.hostgator.com/images/404top.jpg]
[suspended.hostgator.com/images/404mid.gif]
[suspended.hostgator.com/images/404bottom.gif]
[suspended.hostgator.com/images/gatorbottom.png]
[suspended.hostgator.com/images/x.png]
[uxliner.com/ovio/demo/plugins/countdown/vegas/images/loading.html]
[uxliner.com/ovio/demo/plugins/countdown/vegas/overlays/01.html]
[uxliner.com/ovio/demo/plugins/countdown/css/images/loading.html]
[uxliner.com/ovio/demo/dist/et-line-font/fonts/et-line.svg]
[uxliner.com/ovio/demo/dist/weather/font/weathericons-regular-webfont.svg]
[uxliner.com/ovio/demo/component/et-line-font/fonts/et-line.svg]
[uxliner.com/ovio/demo/charts/et-line-font/fonts/et-lined41d.eot]
[uxliner.com/ovio/demo/charts/font-awesome/fonts/fontawesome-webfont78ce.svg]
[uxliner.com/ovio/demo/maps/font-awesome/fonts/fontawesome-webfont78ce.svg]
[uxliner.com/ovio/demo/maps/et-line-font/fonts/et-line.eot]
[uxliner.com/ovio/demo/pages/font-awesome/fonts/fontawesome-webfont78ce.svg]
[uxliner.com/ovio/demo/plugins/countdown/vegas/images/js/cubeportfolio/jquery-1.9.1.html]
[uxliner.com/ovio/demo/forms/font-awesome/fonts/fontawesome-webfont78ce.svg]
